Microchip MPLAB XC8 Compiler V2.41

Linker command line:

-W-3 \
  --edf=C:/Users/M68016/.mchp_packs/Microchip/PIC18F-Q_DFP/1.17.379/xc8\pic\dat\20230323153512_en.msgs \
  -cn -h+dist/free/debug\RNDB_NUS_DE_CE_NU_MAI_MERE.X.debug.sym \
  --cmf=dist/free/debug\RNDB_NUS_DE_CE_NU_MAI_MERE.X.debug.cmf -z \
  -Q18F47Q10 -oC:\Users\M68016\AppData\Local\Temp\xcAsltc.\driver_tmp_3.o \
  --defsym=__MPLAB_BUILD=1 --fixupoverflow=error \
  -Mdist/free/debug/RNDB_NUS_DE_CE_NU_MAI_MERE.X.debug.map \
  --md=C:\Users\M68016\AppData\Local\Temp\xcAsltc.\driver_tmp_0.dat -E1 \
  -ver=XC8 Compiler --acfsm=1493 -ACODE=00h-01FFFFh -ACONST=00h-01FFFFh \
  -ASMALLCONST=01000h-010FFhx496 \
  -AMEDIUMCONST=01000h-0FFFFh,011000h-01FFFFh -ACOMRAM=01h-05Fh \
  -AABS1=00h-0CFFh,0E00h-0E1Eh -ABIGRAM=01h-0CFFh,0E00h-0E1Eh \
  -ARAM=060h-0FFh,0100h-01FFhx12,0E00h-0E1Eh -ABANK0=060h-0FFh \
  -ABANK1=0100h-01FFh -ABANK2=0200h-02FFh -ABANK3=0300h-03FFh \
  -ABANK4=0400h-04FFh -ABANK5=0500h-05FFh -ABANK6=0600h-06FFh \
  -ABANK7=0700h-07FFh -ABANK8=0800h-08FFh -ABANK9=0900h-09FFh \
  -ABANK10=0A00h-0AFFh -ABANK11=0B00h-0BFFh -ABANK12=0C00h-0CFFh \
  -ABANK14=0E00h-0E1Eh \
  -ASFR=0D00h-0DFFh,0E1Fh-0EFFh,0F00h-0F5Fh,0F60h-0FFFh \
  -ABIGSFR=0D00h-0DFFh,0E1Fh-0FFFh -ACONFIG=0300000h-030000Bh \
  -AIDLOC=0200000h-02000FFh -AEEDATA=0310000h-03103FFh -peeprom_data=EEDATA \
  -preset_vec=00h,intcode=08h,intcodelo,powerup,init -pramtop=01000h \
  -psmallconst=SMALLCONST -pmediumconst=MEDIUMCONST -pconst=CONST \
  -AFARRAM=00h-00h \
  -prdata=COMRAM,nvrram=COMRAM,nvbit=COMRAM,rbss=COMRAM,rbit=COMRAM \
  -pfarbss=FARRAM,fardata=FARRAM,nvFARRAM=FARRAM \
  -pintsave_regs=BIGRAM,bigbss=BIGRAM,bigdata=BIGRAM -pbss=RAM \
  -pidata=CODE,irdata=CODE,ibigdata=CODE,ifardata=CODE -prparam=COMRAM \
  C:\Users\M68016\AppData\Local\Temp\xcAsltc.\driver_tmp_14.o \
  dist/free/debug\RNDB_NUS_DE_CE_NU_MAI_MERE.X.debug.o 

Object code version is 3.11

Machine type is 18F47Q10



                Name                               Link     Load   Length Selector   Space Scale
C:\Users\M68016\AppData\Local\Temp\xcAsltc.\driver_tmp_14.o
                idloc                            200000   200000      100        0       5
                config                           300000   300000        C        0       4
                init                                 64       64        4        4       0
                reset_vec                             0        0        4        0       0
dist/free/debug\RNDB_NUS_DE_CE_NU_MAI_MERE.X.debug.o
                intcode                               8        8       5C        4       0
                idloc                            200000   200000      100        0       5
                config                           300000   300000        C        0       4
                temp                                 5C       5C        1        1       1
                smallconst                         1000     1000       DC      800       0
                text123                            4A18     4A18       28      86E       0
                text122                            4764     4764       36      86E       0
                text121                            4BFA     4BFA       16      86E       0
                text120                            4ACE     4ACE       22      86E       0
                text119                            472E     472E       36      86E       0
                text117                            4D56     4D56        6      86E       0
                text116                            4D80     4D80        4      86E       0
                text115                            4D50     4D50        6      86E       0
                text114                            494A     494A       2C      86E       0
                text113                            4D7C     4D7C        4      86E       0
                text112                            4D78     4D78        4      86E       0
                text111                            4D74     4D74        4      86E       0
                text110                            4A88     4A88       24      86E       0
                text109                            3EB6     3EB6       80      86E       0
                text108                            4B7E     4B7E       1C      86E       0
                text107                            491A     491A       30      86E       0
                text106                            48EA     48EA       30      86E       0
                text105                            48BA     48BA       30      86E       0
                text104                            488A     488A       30      86E       0
                text103                            485A     485A       30      86E       0
                text102                            4586     4586       44      86E       0
                text101                            482A     482A       30      86E       0
                text100                            47FA     47FA       30      86E       0
                text99                             47CA     47CA       30      86E       0
                text98                             4542     4542       44      86E       0
                text97                             4D70     4D70        4      86E       0
                text96                             4D6C     4D6C        4      86E       0
                text95                             4D68     4D68        4      86E       0
                text94                             4D4A     4D4A        6      86E       0
                text93                             4D64     4D64        4      86E       0
                text92                             4D44     4D44        6      86E       0
                text91                             4D36     4D36        8      86E       0
                text90                             4C24     4C24       14      86E       0
                text89                             4D3E     4D3E        6      86E       0
                text88                             3F36     3F36       7E      86E       0
                text87                             4CC8     4CC8        C      86E       0
                text86                             4C5A     4C5A       10      86E       0
                text85                             4C4A     4C4A       10      86E       0
                text84                             3954     3954       C8      86E       0
                text83                             3CE2     3CE2       A8      86E       0
                text82                             4CBC     4CBC        C      86E       0
                text81                             4D2E     4D2E        8      86E       0
                text80                             4D26     4D26        8      86E       0
                text79                             4D1E     4D1E        8      86E       0
                text78                             4D16     4D16        8      86E       0
                text77                             4D0E     4D0E        8      86E       0
                text76                             4D06     4D06        8      86E       0
                text75                             4CFE     4CFE        8      86E       0
                text74                             4CB0     4CB0        C      86E       0
                text73                             4114     4114       6C      86E       0
                text72                             40A8     40A8       6C      86E       0
                text71                             4C38     4C38       12      86E       0
                text70                             4AF0     4AF0       1E      86E       0
                text69                             44FE     44FE       44      86E       0
                text68                             4CF6     4CF6        8      86E       0
                text67                             4AAC     4AAC       22      86E       0
                text66                             3D8A     3D8A       A2      86E       0
                text65                             4B62     4B62       1C      86E       0
                text64                             424A     424A       5E      86E       0
                text63                             4BE2     4BE2       18      86E       0
                text62                             4682     4682       3C      86E       0
                text61                             3B90     3B90       AA      86E       0
                text60                             36C6     36C6       F6      86E       0
                text59                             434E     434E       50      86E       0
                text58                             4CA2     4CA2        E      86E       0
                text57                             4C94     4C94        E      86E       0
                text56                             4C86     4C86        E      86E       0
                text55                             439E     439E       4C      86E       0
                text54                             4CEE     4CEE        8      86E       0
                text53                             4C10     4C10       14      86E       0
                text52                             4D60     4D60        4      86E       0
                text51                             4976     4976       2A      86E       0
                text50                             4646     4646       3C      86E       0
                text49                             4BCA     4BCA       18      86E       0
                text48                             4C78     4C78        E      86E       0
                text47                             3C3A     3C3A       A8      86E       0
                text46                             4B46     4B46       1C      86E       0
                text45                             4C6A     4C6A        E      86E       0
                text44                             49F0     49F0       28      86E       0
                text43                             460A     460A       3C      86E       0
                text42                             4D5C     4D5C        4      86E       0
                text41                             3A1C     3A1C       C4      86E       0
                text40                             3AE0     3AE0       B0      86E       0
                text39                             45CA     45CA       40      86E       0
                text38                             4BB2     4BB2       18      86E       0
                text37                             4CD4     4CD4        A      86E       0
                text36                             388A     388A       CA      86E       0
                text35                             44BA     44BA       44      86E       0
                text34                             402E     402E       7A      86E       0
                text33                             30DA     30DA      194      86E       0
                text32                             23E6     23E6      39C      86E       0
                text31                             34C4     34C4      104      86E       0
                text30                             1FBC     1FBC      42A      86E       0
                text29                             46F6     46F6       38      86E       0
                text28                             1AFC     1AFC      4C0      86E       0
                text27                             4430     4430       46      86E       0
                text26                             33BC     33BC      108      86E       0
                text25                             35C8     35C8       FE      86E       0
                text24                             2D10     2D10      216      86E       0
                text23                             4180     4180       66      86E       0
                text22                             42FE     42FE       50      86E       0
                text21                             4476     4476       44      86E       0
                text20                             10DC     10DC      A20      86E       0
                text19                             2782     2782      2DC      86E       0
                text18                             42A8     42A8       56      86E       0
                text17                             49C8     49C8       28      86E       0
                text16                             37BC     37BC       CE      86E       0
                text15                             4CE6     4CE6        8      86E       0
                text14                             479A     479A       30      86E       0
                text13                             4CDE     4CDE        8      86E       0
                text12                             43EA     43EA       46      86E       0
                text11                             4B9A     4B9A       18      86E       0
                text10                             3FB4     3FB4       7A      86E       0
                text9                              3E2C     3E2C       8A      86E       0
                text8                              2F26     2F26      1B4      86E       0
                text7                              326E     326E      14E      86E       0
                text6                              4A64     4A64       24      86E       0
                text5                              4A40     4A40       24      86E       0
                text4                              4B2A     4B2A       1C      86E       0
                text3                              4B0E     4B0E       1C      86E       0
                text2                              46BE     46BE       38      86E       0
                text1                              2A5E     2A5E      2B2      86E       0
                text0                              41E6     41E6       64      86E       0
                cstackCOMRAM                          1        1       58        1       1
                cstackBANK0                          60       60       73       60       1
                cstackBANK1                         17A      17A        4      100       1
                bssBANK1                            100      100       7A      100       1
                bssBANK0                             D3       D3       1C       60       1
                bssCOMRAM                            59       59        3        1       1
                cinit                              49A0     49A0       28      86E       0
                nvBANK0                              EF       EF        F       60       1

TOTAL           Name                               Link     Load   Length     Space
        CLASS   CODE           
                intcode                               8        8       5C         0
                init                                 64       64        4         0
                reset_vec                             0        0        4         0
                text123                            4A18     4A18       28         0
                text122                            4764     4764       36         0
                text121                            4BFA     4BFA       16         0
                text120                            4ACE     4ACE       22         0
                text119                            472E     472E       36         0
                text117                            4D56     4D56        6         0
                text116                            4D80     4D80        4         0
                text115                            4D50     4D50        6         0
                text114                            494A     494A       2C         0
                text113                            4D7C     4D7C        4         0
                text112                            4D78     4D78        4         0
                text111                            4D74     4D74        4         0
                text110                            4A88     4A88       24         0
                text109                            3EB6     3EB6       80         0
                text108                            4B7E     4B7E       1C         0
                text107                            491A     491A       30         0
                text106                            48EA     48EA       30         0
                text105                            48BA     48BA       30         0
                text104                            488A     488A       30         0
                text103                            485A     485A       30         0
                text102                            4586     4586       44         0
                text101                            482A     482A       30         0
                text100                            47FA     47FA       30         0
                text99                             47CA     47CA       30         0
                text98                             4542     4542       44         0
                text97                             4D70     4D70        4         0
                text96                             4D6C     4D6C        4         0
                text95                             4D68     4D68        4         0
                text94                             4D4A     4D4A        6         0
                text93                             4D64     4D64        4         0
                text92                             4D44     4D44        6         0
                text91                             4D36     4D36        8         0
                text90                             4C24     4C24       14         0
                text89                             4D3E     4D3E        6         0
                text88                             3F36     3F36       7E         0
                text87                             4CC8     4CC8        C         0
                text86                             4C5A     4C5A       10         0
                text85                             4C4A     4C4A       10         0
                text84                             3954     3954       C8         0
                text83                             3CE2     3CE2       A8         0
                text82                             4CBC     4CBC        C         0
                text81                             4D2E     4D2E        8         0
                text80                             4D26     4D26        8         0
                text79                             4D1E     4D1E        8         0
                text78                             4D16     4D16        8         0
                text77                             4D0E     4D0E        8         0
                text76                             4D06     4D06        8         0
                text75                             4CFE     4CFE        8         0
                text74                             4CB0     4CB0        C         0
                text73                             4114     4114       6C         0
                text72                             40A8     40A8       6C         0
                text71                             4C38     4C38       12         0
                text70                             4AF0     4AF0       1E         0
                text69                             44FE     44FE       44         0
                text68                             4CF6     4CF6        8         0
                text67                             4AAC     4AAC       22         0
                text66                             3D8A     3D8A       A2         0
                text65                             4B62     4B62       1C         0
                text64                             424A     424A       5E         0
                text63                             4BE2     4BE2       18         0
                text62                             4682     4682       3C         0
                text61                             3B90     3B90       AA         0
                text60                             36C6     36C6       F6         0
                text59                             434E     434E       50         0
                text58                             4CA2     4CA2        E         0
                text57                             4C94     4C94        E         0
                text56                             4C86     4C86        E         0
                text55                             439E     439E       4C         0
                text54                             4CEE     4CEE        8         0
                text53                             4C10     4C10       14         0
                text52                             4D60     4D60        4         0
                text51                             4976     4976       2A         0
                text50                             4646     4646       3C         0
                text49                             4BCA     4BCA       18         0
                text48                             4C78     4C78        E         0
                text47                             3C3A     3C3A       A8         0
                text46                             4B46     4B46       1C         0
                text45                             4C6A     4C6A        E         0
                text44                             49F0     49F0       28         0
                text43                             460A     460A       3C         0
                text42                             4D5C     4D5C        4         0
                text41                             3A1C     3A1C       C4         0
                text40                             3AE0     3AE0       B0         0
                text39                             45CA     45CA       40         0
                text38                             4BB2     4BB2       18         0
                text37                             4CD4     4CD4        A         0
                text36                             388A     388A       CA         0
                text35                             44BA     44BA       44         0
                text34                             402E     402E       7A         0
                text33                             30DA     30DA      194         0
                text32                             23E6     23E6      39C         0
                text31                             34C4     34C4      104         0
                text30                             1FBC     1FBC      42A         0
                text29                             46F6     46F6       38         0
                text28                             1AFC     1AFC      4C0         0
                text27                             4430     4430       46         0
                text26                             33BC     33BC      108         0
                text25                             35C8     35C8       FE         0
                text24                             2D10     2D10      216         0
                text23                             4180     4180       66         0
                text22                             42FE     42FE       50         0
                text21                             4476     4476       44         0
                text20                             10DC     10DC      A20         0
                text19                             2782     2782      2DC         0
                text18                             42A8     42A8       56         0
                text17                             49C8     49C8       28         0
                text16                             37BC     37BC       CE         0
                text15                             4CE6     4CE6        8         0
                text14                             479A     479A       30         0
                text13                             4CDE     4CDE        8         0
                text12                             43EA     43EA       46         0
                text11                             4B9A     4B9A       18         0
                text10                             3FB4     3FB4       7A         0
                text9                              3E2C     3E2C       8A         0
                text8                              2F26     2F26      1B4         0
                text7                              326E     326E      14E         0
                text6                              4A64     4A64       24         0
                text5                              4A40     4A40       24         0
                text4                              4B2A     4B2A       1C         0
                text3                              4B0E     4B0E       1C         0
                text2                              46BE     46BE       38         0
                text1                              2A5E     2A5E      2B2         0
                text0                              41E6     41E6       64         0
                cinit                              49A0     49A0       28         0

        CLASS   CONST          

        CLASS   SMALLCONST     
                smallconst                         1000     1000       DC         0

        CLASS   MEDIUMCONST    

        CLASS   COMRAM         
                temp                                 5C       5C        1         1
                cstackCOMRAM                          1        1       58         1
                bssCOMRAM                            59       59        3         1

        CLASS   ABS1           

        CLASS   BIGRAM         

        CLASS   RAM            

        CLASS   BANK0          
                cstackBANK0                          60       60       73         1
                bssBANK0                             D3       D3       1C         1
                nvBANK0                              EF       EF        F         1

        CLASS   BANK1          
                cstackBANK1                         17A      17A        4         1
                bssBANK1                            100      100       7A         1

        CLASS   BANK2          

        CLASS   BANK3          

        CLASS   BANK4          

        CLASS   BANK5          

        CLASS   BANK6          

        CLASS   BANK7          

        CLASS   BANK8          

        CLASS   BANK9          

        CLASS   BANK10         

        CLASS   BANK11         

        CLASS   BANK12         

        CLASS   BANK14         

        CLASS   SFR            

        CLASS   BIGSFR         

        CLASS   CONFIG         
                config                           300000   300000        C         4

        CLASS   IDLOC          
                idloc                            200000   200000      100         5

        CLASS   EEDATA         

        CLASS   FARRAM         

        CLASS   HEAP           

        CLASS   STACK          



SEGMENTS        Name                           Load    Length   Top    Selector   Space  Class

                reset_vec                      000000  000004  000004         0       0  CODE    
                cstackCOMRAM                   000001  00005C  00005D         1       1  COMRAM  
                intcode                        000008  000060  000068         4       0  CODE    
                cstackBANK0                    000060  00009E  0000FE        60       1  BANK0   
                bssBANK1                       000100  00007E  00017E       100       1  BANK1   
                smallconst                     001000  0000DC  0010DC       800       0  SMALLCON
                text20                         0010DC  003CA8  004D84       86E       0  CODE    


UNUSED ADDRESS RANGES

        Name                Unused          Largest block    Delta
        BANK0            0000FE-0000FF                2
        BANK1            00017E-0001FF               82
        BANK10           000A00-000AFF              100
        BANK11           000B00-000BFF              100
        BANK12           000C00-000CFF              100
        BANK14           000E00-000E1E               1F
        BANK2            000200-0002FF              100
        BANK3            000300-0003FF              100
        BANK4            000400-0004FF              100
        BANK5            000500-0005FF              100
        BANK6            000600-0006FF              100
        BANK7            000700-0007FF              100
        BANK8            000800-0008FF              100
        BANK9            000900-0009FF              100
        BIGRAM           00005D-00005F                3
                         0000FE-0000FF                2
                         00017E-000CFF              B82
                         000E00-000E1E               1F
        BIGSFR           000D00-000DFF              100
                         000E1F-000FFF              1E1
        CODE             000004-000007                4
                         000068-000FFF              F98
                         004D84-01FFFF            1B27C
        COMRAM           00005D-00005F                3
        CONST            000004-000007                4
                         000068-000FFF              F98
                         004D84-01FFFF            1B27C
        EEDATA           310000-3103FF              400
        MEDIUMCONST      004D84-00FFFF             B27C
                         011000-01FFFF             F000
        RAM              0000FE-0000FF                2
                         00017E-000CFF              100
                         000E00-000E1E               1F
        SFR              000D00-000DFF              100
                         000E1F-000FFF               E1
        SMALLCONST       004D84-01FFFF              100

                                  Symbol Table

?_ADCC_GetSingleConversion                                cstackCOMRAM 000004
?___awdiv                                                 cstackCOMRAM 000004
?___awmod                                                 cstackCOMRAM 000004
?___fladd                                                 cstackCOMRAM 000012
?___fldiv                                                 cstackCOMRAM 000043
?___flmul                                                 cstackCOMRAM 000022
?___flneg                                                 cstackCOMRAM 000004
?___flsub                                                 cstackCOMRAM 00003B
?___fltol                                                 cstackBANK0  00006D
?___fpclassifyf                                           cstackCOMRAM 000004
?___xxtofl                                                cstackCOMRAM 000004
?_abs                                                     cstackCOMRAM 00000A
?_floorf                                                  cstackBANK0  00006D
?_labs                                                    cstackCOMRAM 000004
?_printf                                                  cstackBANK0  0000C3
?_vfprintf                                                cstackBANK0  0000BB
ADCC_GetSingleConversion@channel                          cstackCOMRAM 000008
EUSART2_SetErrorHandler@interruptHandler                  cstackCOMRAM 000004
EUSART2_SetFramingErrorHandler@interruptHandler           cstackCOMRAM 000004
EUSART2_SetOverrunErrorHandler@interruptHandler           cstackCOMRAM 000004
EUSART2_Write@txData                                      cstackCOMRAM 000004
I2C1_CallbackReturnReset@funPtr                           cstackCOMRAM 00000F
I2C1_Close@returnValue                                    cstackCOMRAM 000004
I2C1_MasterOperation@read                                 cstackCOMRAM 000013
I2C1_MasterOperation@returnValue                          cstackCOMRAM 000014
I2C1_MasterSendTxData@data                                cstackCOMRAM 000004
I2C1_Open@address                                         cstackCOMRAM 000004
I2C1_Open@returnValue                                     cstackCOMRAM 000005
I2C1_SetAddressNackCallback@cb                            cstackCOMRAM 00000A
I2C1_SetAddressNackCallback@ptr                           cstackCOMRAM 00000D
I2C1_SetBuffer@buffer                                     cstackCOMRAM 000004
I2C1_SetBuffer@bufferSize                                 cstackCOMRAM 000006
I2C1_SetCallback@cb                                       cstackCOMRAM 000004
I2C1_SetCallback@idx                                      cstackCOMRAM 000009
I2C1_SetCallback@ptr                                      cstackCOMRAM 000007
I2C1_SetDataCompleteCallback@cb                           cstackCOMRAM 00000A
I2C1_SetDataCompleteCallback@ptr                          cstackCOMRAM 00000D
IOCBF5_SetInterruptHandler@InterruptHandler               cstackCOMRAM 000004
MCP9808_EnableContinuousConversionMode@errorCode          cstackCOMRAM 000024
MCP9808_EnableContinuousConversionMode@i2cParams          cstackCOMRAM 00001F
MCP9808_EnableContinuousConversionMode@writeBuffer        cstackCOMRAM 000021
MCP9808_GetTemperatureRegister@errorCode                  cstackCOMRAM 000028
MCP9808_GetTemperatureRegister@i2cParams                  cstackCOMRAM 00001F
MCP9808_GetTemperatureRegister@registerPointer            cstackCOMRAM 000027
MCP9808_GetTemperatureRegister@registerVal                cstackCOMRAM 000021
MCP9808_GetTemperatureRegister@rxData                     cstackCOMRAM 000025
MCP9808_GetTemperatureValue@alertFlags                    cstackBANK0  00006F
MCP9808_GetTemperatureValue@errorCode                     cstackCOMRAM 000055
MCP9808_GetTemperatureValue@i2cParams                     cstackBANK0  00006D
MCP9808_GetTemperatureValue@regVal                        cstackCOMRAM 000056
MCP9808_GetTemperatureValue@signedVal                     cstackCOMRAM 000053
MCP9808_GetTemperatureValue@tempVal                       cstackBANK0  000071
MCP9808_GetTemperatureValue@temperature                   cstackCOMRAM 00004F
MCP9808_MODULE_Initialize@errorCode                       cstackCOMRAM 000029
MCP9808_MODULE_Initialize@i2cParams                       cstackCOMRAM 000027
MCP9808_Read@i2cParams                                    cstackCOMRAM 00001A
MCP9808_Read@length                                       cstackCOMRAM 00001E
MCP9808_Read@pdata                                        cstackCOMRAM 00001C
MCP9808_SetConfigurationRegister@errorCode                cstackCOMRAM 000026
MCP9808_SetConfigurationRegister@i2cParams                cstackCOMRAM 00001F
MCP9808_SetConfigurationRegister@registerVal              cstackCOMRAM 000021
MCP9808_SetConfigurationRegister@writeBuffer              cstackCOMRAM 000023
MCP9808_SetResolutionRegister@errorCode                   cstackCOMRAM 000022
MCP9808_SetResolutionRegister@i2cParams                   cstackCOMRAM 00001F
MCP9808_SetResolutionRegister@registerVal                 cstackCOMRAM 000021
MCP9808_SetResolutionRegister@writeBuffer                 cstackCOMRAM 000023
MCP9808_SetResolutionValue@i2cParams                      cstackCOMRAM 000025
MCP9808_SetResolutionValue@resolutionVal                  cstackCOMRAM 000027
MCP9808_SetResolutionValue@writeBuffer                    cstackCOMRAM 00002B
MCP9808_Write@i2cParams                                   cstackCOMRAM 00001A
MCP9808_Write@length                                      cstackCOMRAM 00001E
MCP9808_Write@pdata                                       cstackCOMRAM 00001C
MCP9808powerSaveDisable@i2cParams                         cstackCOMRAM 00001F
MCP9808powerSaveDisable@writeBuffer                       cstackCOMRAM 000021
MCP9808powerSaveEnable@i2cParams                          cstackCOMRAM 00001F
MCP9808powerSaveEnable@writeBuffer                        cstackCOMRAM 000021
TMR0_SetInterruptHandler@InterruptHandler                 cstackCOMRAM 000004
_ADACCH                                                   (abs)        000F6C
_ADACCL                                                   (abs)        000F6B
_ADACQ                                                    (abs)        000F57
_ADACT                                                    (abs)        000F51
_ADCAP                                                    (abs)        000F58
_ADCC_DischargeSampleCapacitor                            text15       004CE6
_ADCC_GetSingleConversion                                 text14       00479A
_ADCC_Initialize                                          text59       00434E
_ADCLK                                                    (abs)        000F52
_ADCNT                                                    (abs)        000F62
_ADCON0                                                   (abs)        000F5B
_ADCON0bits                                               (abs)        000F5B
_ADCON1                                                   (abs)        000F54
_ADCON1bits                                               (abs)        000F54
_ADCON2                                                   (abs)        000F55
_ADCON2bits                                               (abs)        000F55
_ADCON3                                                   (abs)        000F56
_ADCON3bits                                               (abs)        000F56
_ADERRH                                                   (abs)        000F6A
_ADERRL                                                   (abs)        000F69
_ADFLTRH                                                  (abs)        000F6E
_ADFLTRL                                                  (abs)        000F6D
_ADLTHH                                                   (abs)        000F66
_ADLTHL                                                   (abs)        000F65
_ADPCH                                                    (abs)        000F5A
_ADPRE                                                    (abs)        000F59
_ADPREVH                                                  (abs)        000F5D
_ADPREVL                                                  (abs)        000F5C
_ADREF                                                    (abs)        000F53
_ADRESH                                                   (abs)        000F5F
_ADRESL                                                   (abs)        000F5E
_ADRPT                                                    (abs)        000F61
_ADSTAT                                                   (abs)        000F60
_ADSTATbits                                               (abs)        000F60
_ADSTPTH                                                  (abs)        000F64
_ADSTPTL                                                  (abs)        000F63
_ADUTHH                                                   (abs)        000F68
_ADUTHL                                                   (abs)        000F67
_ANSELA                                                   (abs)        000F0C
_ANSELB                                                   (abs)        000F14
_ANSELC                                                   (abs)        000F1C
_ANSELD                                                   (abs)        000F21
_ANSELE                                                   (abs)        000F29
_BAUD2CON                                                 (abs)        000E9A
_EUSART2_DefaultErrorHandler                              (abs)        000000
_EUSART2_DefaultFramingErrorHandler                       (abs)        000000
_EUSART2_DefaultOverrunErrorHandler                       (abs)        000000
_EUSART2_ErrorHandler                                     nvBANK0      0000F2
_EUSART2_FramingErrorHandler                              nvBANK0      0000F8
_EUSART2_Initialize                                       text55       00439E
_EUSART2_OverrunErrorHandler                              nvBANK0      0000F5
_EUSART2_SetErrorHandler                                  text58       004CA2
_EUSART2_SetFramingErrorHandler                           text57       004C94
_EUSART2_SetOverrunErrorHandler                           text56       004C86
_EUSART2_Write                                            text38       004BB2
_FVRCON                                                   (abs)        000F2C
_FVRCONbits                                               (abs)        000F2C
_FVR_Initialize                                           text54       004CEE
_I2C1_CallbackReturnReset                                 text96       004D6C
_I2C1_CallbackReturnStop                                  text97       004D70
_I2C1_Close                                               text114      00494A
_I2C1_DO_ADDRESS_NACK                                     text73       004114
_I2C1_DO_IDLE                                             text87       004CC8
_I2C1_DO_RCEN                                             text82       004CBC
_I2C1_DO_RESET                                            text74       004CB0
_I2C1_DO_RX                                               text83       003CE2
_I2C1_DO_RX_ACK                                           text77       004D0E
_I2C1_DO_RX_NACK_RESTART                                  text75       004CFE
_I2C1_DO_RX_NACK_STOP                                     text76       004D06
_I2C1_DO_SEND_ADR_READ                                    text86       004C5A
_I2C1_DO_SEND_ADR_WRITE                                   text85       004C4A
_I2C1_DO_SEND_RESTART                                     text79       004D1E
_I2C1_DO_SEND_RESTART_READ                                text81       004D2E
_I2C1_DO_SEND_RESTART_WRITE                               text80       004D26
_I2C1_DO_SEND_STOP                                        text78       004D16
_I2C1_DO_TX                                               text84       003954
_I2C1_DO_TX_EMPTY                                         text88       003F36
_I2C1_Initialize                                          text53       004C10
_I2C1_MasterClearIrq                                      text117      004D56
_I2C1_MasterClose                                         text116      004D80
_I2C1_MasterDisableIrq                                    text115      004D50
_I2C1_MasterEnableRestart                                 text112      004D78
_I2C1_MasterFsm                                           text72       0040A8
_I2C1_MasterGetRxData                                     text93       004D64
_I2C1_MasterIsNack                                        text90       004C24
_I2C1_MasterOpen                                          text67       004AAC
_I2C1_MasterOperation                                     text69       0044FE
_I2C1_MasterRead                                          text13       004CDE
_I2C1_MasterSendAck                                       text92       004D44
_I2C1_MasterSendNack                                      text94       004D4A
_I2C1_MasterSendTxData                                    text91       004D36
_I2C1_MasterSetIrq                                        text89       004D3E
_I2C1_MasterStart                                         text113      004D7C
_I2C1_MasterStartRx                                       text95       004D68
_I2C1_MasterStop                                          text111      004D74
_I2C1_MasterWaitForEvent                                  text71       004C38
_I2C1_MasterWrite                                         text68       004CF6
_I2C1_Open                                                text66       003D8A
_I2C1_Poller                                              text70       004AF0
_I2C1_SetAddressNackCallback                              text65       004B62
_I2C1_SetBuffer                                           text110      004A88
_I2C1_SetCallback                                         text109      003EB6
_I2C1_SetDataCompleteCallback                             text108      004B7E
_I2C1_Status                                              bssBANK1     000100
_INLVLA                                                   (abs)        000F08
_INLVLB                                                   (abs)        000F10
_INLVLC                                                   (abs)        000F18
_INLVLD                                                   (abs)        000F1D
_INLVLE                                                   (abs)        000F25
_INTCONbits                                               (abs)        000FF2
_INTERRUPT_Initialize                                     text52       004D60
_INTERRUPT_InterruptManager                               intcode      000008
_IOCBF5_DefaultInterruptHandler                           text123      004A18
_IOCBF5_ISR                                               text122      004764
_IOCBF5_InterruptHandler                                  nvBANK0      0000FB
_IOCBF5_SetInterruptHandler                               text48       004C78
_IOCBFbits                                                (abs)        000F0D
_IOCBNbits                                                (abs)        000F0E
_IOCBPbits                                                (abs)        000F0F
_LATA                                                     (abs)        000F82
_LATB                                                     (abs)        000F83
_LATC                                                     (abs)        000F84
_LATCbits                                                 (abs)        000F84
_LATD                                                     (abs)        000F85
_LATE                                                     (abs)        000F86
_LATEbits                                                 (abs)        000F86
_MCP9808                                                  bssBANK0     0000E5
_MCP9808_EnableContinuousConversionMode                   text10       003FB4
_MCP9808_GetTemperatureRegister                           text9        003E2C
_MCP9808_GetTemperatureValue                              text7        00326E
_MCP9808_MODULE_Initialize                                text50       004646
_MCP9808_Read                                             text11       004B9A
_MCP9808_SetConfigurationRegister                         text51       004976
_MCP9808_SetResolutionRegister                            text62       004682
_MCP9808_SetResolutionValue                               text60       0036C6
_MCP9808_Write                                            text63       004BE2
_MCP9808powerSaveDisable                                  text6        004A64
_MCP9808powerSaveEnable                                   text5        004A40
_ODCONA                                                   (abs)        000F0A
_ODCONB                                                   (abs)        000F12
_ODCONC                                                   (abs)        000F1A
_ODCOND                                                   (abs)        000F1F
_ODCONE                                                   (abs)        000F27
_OSCCON1                                                  (abs)        000ED3
_OSCCON3                                                  (abs)        000ED5
_OSCEN                                                    (abs)        000ED7
_OSCFRQ                                                   (abs)        000ED9
_OSCILLATOR_Initialize                                    text49       004BCA
_OSCTUNE                                                  (abs)        000ED8
_PIE0bits                                                 (abs)        000EBD
_PIE3bits                                                 (abs)        000EC0
_PIN_MANAGER_IOC                                          text121      004BFA
_PIN_MANAGER_Initialize                                   text47       003C3A
_PIR0bits                                                 (abs)        000EC5
_PIR3bits                                                 (abs)        000EC8
_PMD0                                                     (abs)        000EDC
_PMD1                                                     (abs)        000EDD
_PMD2                                                     (abs)        000EDE
_PMD3                                                     (abs)        000EDF
_PMD4                                                     (abs)        000EE0
_PMD5                                                     (abs)        000EE1
_PMD_Initialize                                           text46       004B46
_RB0PPS                                                   (abs)        000EEA
_RB1PPS                                                   (abs)        000EEB
_RB2PPS                                                   (abs)        000EEC
_RC2REG                                                   (abs)        000E94
_RC2STA                                                   (abs)        000E98
_RC2STAbits                                               (abs)        000E98
_RNBD451powerSaveDisable                                  text4        004B2A
_RNBD451powerSaveEnable                                   text3        004B0E
_RX2PPS                                                   (abs)        000E88
_SLRCONA                                                  (abs)        000F09
_SLRCONB                                                  (abs)        000F11
_SLRCONC                                                  (abs)        000F19
_SLRCOND                                                  (abs)        000F1E
_SLRCONE                                                  (abs)        000F26
_SP2BRGH                                                  (abs)        000E97
_SP2BRGL                                                  (abs)        000E96
_SSP1ADD                                                  (abs)        000F92
_SSP1BUF                                                  (abs)        000F91
_SSP1CLKPPS                                               (abs)        000EB2
_SSP1CON1                                                 (abs)        000F95
_SSP1CON1bits                                             (abs)        000F95
_SSP1CON2                                                 (abs)        000F96
_SSP1CON2bits                                             (abs)        000F96
_SSP1DATPPS                                               (abs)        000EB3
_SSP1STAT                                                 (abs)        000F94
_SSP1STATbits                                             (abs)        000F94
_SYSTEM_Initialize                                        text43       00460A
_T0CON0                                                   (abs)        000FD4
_T0CON0bits                                               (abs)        000FD4
_T0CON1                                                   (abs)        000FD5
_TMR0H                                                    (abs)        000FD3
_TMR0L                                                    (abs)        000FD2
_TMR0_DefaultInterruptHandler                             text120      004ACE
_TMR0_ISR                                                 text119      00472E
_TMR0_Initialize                                          text44       0049F0
_TMR0_InterruptHandler                                    nvBANK0      0000EF
_TMR0_SetInterruptHandler                                 text45       004C6A
_TMR0_StartTimer                                          text42       004D5C
_TRISA                                                    (abs)        000F87
_TRISB                                                    (abs)        000F88
_TRISC                                                    (abs)        000F89
_TRISD                                                    (abs)        000F8A
_TRISE                                                    (abs)        000F8B
_TX2REG                                                   (abs)        000E95
_TX2STA                                                   (abs)        000E99
_TX2STAbits                                               (abs)        000E99
_WPUA                                                     (abs)        000F0B
_WPUB                                                     (abs)        000F13
_WPUC                                                     (abs)        000F1B
_WPUD                                                     (abs)        000F20
_WPUE                                                     (abs)        000F28
__HRAM                                                    (abs)        000000
__H__absolute__                                           __absolute__ 000000
__Habs1                                                   abs1         000000
__Hbank0                                                  bank0        000000
__Hbank1                                                  bank1        000000
__Hbank10                                                 bank10       000000
__Hbank11                                                 bank11       000000
__Hbank12                                                 bank12       000000
__Hbank14                                                 bank14       000000
__Hbank2                                                  bank2        000000
__Hbank3                                                  bank3        000000
__Hbank4                                                  bank4        000000
__Hbank5                                                  bank5        000000
__Hbank6                                                  bank6        000000
__Hbank7                                                  bank7        000000
__Hbank8                                                  bank8        000000
__Hbank9                                                  bank9        000000
__Hbigbss                                                 bigbss       000000
__Hbigdata                                                bigdata      000000
__Hbigram                                                 bigram       000000
__Hbigsfr                                                 bigsfr       000000
__Hbss                                                    bss          000000
__HbssBANK0                                               bssBANK0     000000
__HbssBANK1                                               bssBANK1     000000
__HbssCOMRAM                                              bssCOMRAM    000000
__Hcinit                                                  cinit        000000
__Hclrtext                                                clrtext      000000
__Hcomram                                                 comram       000000
__Hconfig                                                 config       30000C
__Hconst                                                  const        000000
__HcstackBANK0                                            cstackBANK0  000000
__HcstackBANK1                                            cstackBANK1  000000
__HcstackCOMRAM                                           cstackCOMRAM 000000
__Hdata                                                   data         000000
__Heeprom_data                                            eeprom_data  000000
__Hfarbss                                                 farbss       000000
__Hfardata                                                fardata      000000
__Hheap                                                   heap         000000
__Hibigdata                                               ibigdata     000000
__Hidata                                                  idata        000000
__Hidloc                                                  idloc        200100
__Hifardata                                               ifardata     000000
__Hinit                                                   init         000068
__Hintcode                                                intcode      000064
__Hintcode_body                                           intcode_body 000000
__Hintcodelo                                              intcodelo    000064
__Hintentry                                               intentry     000000
__Hintret                                                 intret       000000
__Hintsave_regs                                           intsave_regs 000000
__Hirdata                                                 irdata       000000
__Hmediumconst                                            mediumconst  000000
__HnvBANK0                                                nvBANK0      000000
__HnvFARRAM                                               nvFARRAM     000000
__Hnvbit                                                  nvbit        000000
__Hnvrram                                                 nvrram       000000
__Hparam                                                  rparam       000000
__Hpowerup                                                powerup      000064
__Hram                                                    ram          000000
__Hramtop                                                 ramtop       001000
__Hrbit                                                   rbit         000000
__Hrbss                                                   rbss         000000
__Hrdata                                                  rdata        000000
__Hreset_vec                                              reset_vec    000004
__Hrparam                                                 rparam       000000
__Hsfr                                                    sfr          000000
__Hsmallconst                                             smallconst   0010DC
__Hspace_0                                                (abs)        004D84
__Hspace_1                                                (abs)        00017E
__Hspace_2                                                (abs)        000000
__Hspace_4                                                (abs)        60000C
__Hstack                                                  stack        000000
__Hstruct                                                 struct       000000
__Htemp                                                   temp         00005D
__Htext                                                   text         000000
__Htext0                                                  text0        000000
__Htext1                                                  text1        000000
__Htext10                                                 text10       000000
__Htext100                                                text100      000000
__Htext101                                                text101      000000
__Htext102                                                text102      000000
__Htext103                                                text103      000000
__Htext104                                                text104      000000
__Htext105                                                text105      000000
__Htext106                                                text106      000000
__Htext107                                                text107      000000
__Htext108                                                text108      000000
__Htext109                                                text109      000000
__Htext11                                                 text11       000000
__Htext110                                                text110      000000
__Htext111                                                text111      000000
__Htext112                                                text112      000000
__Htext113                                                text113      000000
__Htext114                                                text114      000000
__Htext115                                                text115      000000
__Htext116                                                text116      000000
__Htext117                                                text117      000000
__Htext119                                                text119      000000
__Htext12                                                 text12       000000
__Htext120                                                text120      000000
__Htext121                                                text121      000000
__Htext122                                                text122      000000
__Htext123                                                text123      000000
__Htext124                                                text124      000000
__Htext13                                                 text13       000000
__Htext14                                                 text14       000000
__Htext15                                                 text15       000000
__Htext16                                                 text16       000000
__Htext17                                                 text17       000000
__Htext18                                                 text18       000000
__Htext19                                                 text19       000000
__Htext2                                                  text2        000000
__Htext20                                                 text20       000000
__Htext21                                                 text21       000000
__Htext22                                                 text22       000000
__Htext23                                                 text23       000000
__Htext24                                                 text24       000000
__Htext25                                                 text25       000000
__Htext26                                                 text26       000000
__Htext27                                                 text27       000000
__Htext28                                                 text28       000000
__Htext29                                                 text29       000000
__Htext3                                                  text3        000000
__Htext30                                                 text30       000000
__Htext31                                                 text31       000000
__Htext32                                                 text32       000000
__Htext33                                                 text33       000000
__Htext34                                                 text34       000000
__Htext35                                                 text35       000000
__Htext36                                                 text36       000000
__Htext37                                                 text37       000000
__Htext38                                                 text38       000000
__Htext39                                                 text39       000000
__Htext4                                                  text4        000000
__Htext40                                                 text40       000000
__Htext41                                                 text41       000000
__Htext42                                                 text42       000000
__Htext43                                                 text43       000000
__Htext44                                                 text44       000000
__Htext45                                                 text45       000000
__Htext46                                                 text46       000000
__Htext47                                                 text47       000000
__Htext48                                                 text48       000000
__Htext49                                                 text49       000000
__Htext5                                                  text5        000000
__Htext50                                                 text50       000000
__Htext51                                                 text51       000000
__Htext52                                                 text52       000000
__Htext53                                                 text53       000000
__Htext54                                                 text54       000000
__Htext55                                                 text55       000000
__Htext56                                                 text56       000000
__Htext57                                                 text57       000000
__Htext58                                                 text58       000000
__Htext59                                                 text59       000000
__Htext6                                                  text6        000000
__Htext60                                                 text60       000000
__Htext61                                                 text61       000000
__Htext62                                                 text62       000000
__Htext63                                                 text63       000000
__Htext64                                                 text64       000000
__Htext65                                                 text65       000000
__Htext66                                                 text66       000000
__Htext67                                                 text67       000000
__Htext68                                                 text68       000000
__Htext69                                                 text69       000000
__Htext7                                                  text7        000000
__Htext70                                                 text70       000000
__Htext71                                                 text71       000000
__Htext72                                                 text72       000000
__Htext73                                                 text73       000000
__Htext74                                                 text74       000000
__Htext75                                                 text75       000000
__Htext76                                                 text76       000000
__Htext77                                                 text77       000000
__Htext78                                                 text78       000000
__Htext79                                                 text79       000000
__Htext8                                                  text8        000000
__Htext80                                                 text80       000000
__Htext81                                                 text81       000000
__Htext82                                                 text82       000000
__Htext83                                                 text83       000000
__Htext84                                                 text84       000000
__Htext85                                                 text85       000000
__Htext86                                                 text86       000000
__Htext87                                                 text87       000000
__Htext88                                                 text88       000000
__Htext89                                                 text89       000000
__Htext9                                                  text9        000000
__Htext90                                                 text90       000000
__Htext91                                                 text91       000000
__Htext92                                                 text92       000000
__Htext93                                                 text93       000000
__Htext94                                                 text94       000000
__Htext95                                                 text95       000000
__Htext96                                                 text96       000000
__Htext97                                                 text97       000000
__Htext98                                                 text98       000000
__Htext99                                                 text99       000000
__LRAM                                                    (abs)        000001
__L__absolute__                                           __absolute__ 000000
__Labs1                                                   abs1         000000
__Lbank0                                                  bank0        000000
__Lbank1                                                  bank1        000000
__Lbank10                                                 bank10       000000
__Lbank11                                                 bank11       000000
__Lbank12                                                 bank12       000000
__Lbank14                                                 bank14       000000
__Lbank2                                                  bank2        000000
__Lbank3                                                  bank3        000000
__Lbank4                                                  bank4        000000
__Lbank5                                                  bank5        000000
__Lbank6                                                  bank6        000000
__Lbank7                                                  bank7        000000
__Lbank8                                                  bank8        000000
__Lbank9                                                  bank9        000000
__Lbigbss                                                 bigbss       000000
__Lbigdata                                                bigdata      000000
__Lbigram                                                 bigram       000000
__Lbigsfr                                                 bigsfr       000000
__Lbss                                                    bss          000000
__LbssBANK0                                               bssBANK0     000000
__LbssBANK1                                               bssBANK1     000000
__LbssCOMRAM                                              bssCOMRAM    000000
__Lcinit                                                  cinit        000000
__Lclrtext                                                clrtext      000000
__Lcomram                                                 comram       000000
__Lconfig                                                 config       000000
__Lconst                                                  const        000000
__LcstackBANK0                                            cstackBANK0  000000
__LcstackBANK1                                            cstackBANK1  000000
__LcstackCOMRAM                                           cstackCOMRAM 000000
__Ldata                                                   data         000000
__Leeprom_data                                            eeprom_data  000000
__Lfarbss                                                 farbss       000000
__Lfardata                                                fardata      000000
__Lheap                                                   heap         000000
__Libigdata                                               ibigdata     000000
__Lidata                                                  idata        000000
__Lidloc                                                  idloc        000000
__Lifardata                                               ifardata     000000
__Linit                                                   init         000064
__Lintcode                                                intcode      000008
__Lintcode_body                                           intcode_body 000000
__Lintcodelo                                              intcodelo    000064
__Lintentry                                               intentry     000000
__Lintret                                                 intret       000000
__Lintsave_regs                                           intsave_regs 000000
__Lirdata                                                 irdata       000000
__Lmediumconst                                            mediumconst  000000
__LnvBANK0                                                nvBANK0      000000
__LnvFARRAM                                               nvFARRAM     000000
__Lnvbit                                                  nvbit        000000
__Lnvrram                                                 nvrram       000000
__Lparam                                                  rparam       000000
__Lpowerup                                                powerup      000064
__Lram                                                    ram          000000
__Lramtop                                                 ramtop       001000
__Lrbit                                                   rbit         000000
__Lrbss                                                   rbss         000000
__Lrdata                                                  rdata        000000
__Lreset_vec                                              reset_vec    000000
__Lrparam                                                 rparam       000000
__Lsfr                                                    sfr          000000
__Lsmallconst                                             smallconst   001000
__Lspace_0                                                (abs)        000000
__Lspace_1                                                (abs)        000000
__Lspace_2                                                (abs)        000000
__Lspace_4                                                (abs)        000000
__Lstack                                                  stack        000000
__Lstruct                                                 struct       000000
__Ltemp                                                   temp         00005C
__Ltext                                                   text         000000
__Ltext0                                                  text0        000000
__Ltext1                                                  text1        000000
__Ltext10                                                 text10       000000
__Ltext100                                                text100      000000
__Ltext101                                                text101      000000
__Ltext102                                                text102      000000
__Ltext103                                                text103      000000
__Ltext104                                                text104      000000
__Ltext105                                                text105      000000
__Ltext106                                                text106      000000
__Ltext107                                                text107      000000
__Ltext108                                                text108      000000
__Ltext109                                                text109      000000
__Ltext11                                                 text11       000000
__Ltext110                                                text110      000000
__Ltext111                                                text111      000000
__Ltext112                                                text112      000000
__Ltext113                                                text113      000000
__Ltext114                                                text114      000000
__Ltext115                                                text115      000000
__Ltext116                                                text116      000000
__Ltext117                                                text117      000000
__Ltext119                                                text119      000000
__Ltext12                                                 text12       000000
__Ltext120                                                text120      000000
__Ltext121                                                text121      000000
__Ltext122                                                text122      000000
__Ltext123                                                text123      000000
__Ltext124                                                text124      000000
__Ltext13                                                 text13       000000
__Ltext14                                                 text14       000000
__Ltext15                                                 text15       000000
__Ltext16                                                 text16       000000
__Ltext17                                                 text17       000000
__Ltext18                                                 text18       000000
__Ltext19                                                 text19       000000
__Ltext2                                                  text2        000000
__Ltext20                                                 text20       000000
__Ltext21                                                 text21       000000
__Ltext22                                                 text22       000000
__Ltext23                                                 text23       000000
__Ltext24                                                 text24       000000
__Ltext25                                                 text25       000000
__Ltext26                                                 text26       000000
__Ltext27                                                 text27       000000
__Ltext28                                                 text28       000000
__Ltext29                                                 text29       000000
__Ltext3                                                  text3        000000
__Ltext30                                                 text30       000000
__Ltext31                                                 text31       000000
__Ltext32                                                 text32       000000
__Ltext33                                                 text33       000000
__Ltext34                                                 text34       000000
__Ltext35                                                 text35       000000
__Ltext36                                                 text36       000000
__Ltext37                                                 text37       000000
__Ltext38                                                 text38       000000
__Ltext39                                                 text39       000000
__Ltext4                                                  text4        000000
__Ltext40                                                 text40       000000
__Ltext41                                                 text41       000000
__Ltext42                                                 text42       000000
__Ltext43                                                 text43       000000
__Ltext44                                                 text44       000000
__Ltext45                                                 text45       000000
__Ltext46                                                 text46       000000
__Ltext47                                                 text47       000000
__Ltext48                                                 text48       000000
__Ltext49                                                 text49       000000
__Ltext5                                                  text5        000000
__Ltext50                                                 text50       000000
__Ltext51                                                 text51       000000
[...]
_tempval                                                  bssBANK0     0000E8
_vfpfcnvrt                                                text19       002782
_vfprintf                                                 text18       0042A8
_width                                                    bssBANK0     0000DB
_wr1RegCompleteHandler                                    text106      0048EA
_wr1RegCompleteHandler@i2c1_master_example$F162           text99       0047CA
_wr2RegCompleteHandler                                    text103      00485A
_wr2RegCompleteHandler@i2c1_master_example$F168           text107      00491A
abs@a                                                     cstackCOMRAM 00000A
btemp                                                     temp         00005C
dtoa@d                                                    cstackCOMRAM 000023
dtoa@fp                                                   cstackCOMRAM 000021
dtoa@i                                                    cstackCOMRAM 00002C
dtoa@p                                                    cstackCOMRAM 000027
dtoa@s                                                    cstackCOMRAM 00002B
dtoa@w                                                    cstackCOMRAM 000029
efgtoa@c                                                  cstackBANK0  000081
efgtoa@d                                                  cstackBANK0  00008D
efgtoa@e                                                  cstackBANK0  000091
efgtoa@f                                                  cstackBANK0  00007D
efgtoa@fp                                                 cstackBANK0  00007B
efgtoa@g                                                  cstackBANK0  0000A4
efgtoa@h                                                  cstackBANK0  00009B
efgtoa@i                                                  cstackBANK0  000099
efgtoa@l                                                  cstackBANK0  00009F
efgtoa@m                                                  cstackBANK0  00008F
efgtoa@mode                                               cstackBANK0  00008B
efgtoa@n                                                  cstackBANK0  0000A8
efgtoa@ne                                                 cstackBANK0  000082
efgtoa@nmode                                              cstackBANK0  00008C
efgtoa@ou                                                 cstackBANK0  000095
efgtoa@p                                                  cstackBANK0  000084
efgtoa@pp                                                 cstackBANK0  00008A
efgtoa@sign                                               cstackBANK0  0000A3
efgtoa@t                                                  cstackBANK0  000086
efgtoa@u                                                  cstackBANK0  0000AA
efgtoa@w                                                  cstackBANK0  000093
end_of_initialization                                     cinit        0049BE
floorf@F526                                               bssBANK0     0000D3
floorf@e                                                  cstackBANK0  000075
floorf@m                                                  cstackBANK0  000071
floorf@u                                                  cstackBANK0  000077
floorf@x                                                  cstackBANK0  00006D
fputc@c                                                   cstackCOMRAM 000006
fputc@fp                                                  cstackCOMRAM 000008
fputs@c                                                   cstackCOMRAM 000013
fputs@fp                                                  cstackCOMRAM 000011
fputs@i                                                   cstackCOMRAM 000014
fputs@s                                                   cstackCOMRAM 00000F
i2c_readNBytes@address                                    cstackCOMRAM 000019
i2c_readNBytes@data                                       cstackCOMRAM 000015
i2c_readNBytes@len                                        cstackCOMRAM 000017
i2c_writeNBytes@address                                   cstackCOMRAM 000019
i2c_writeNBytes@data                                      cstackCOMRAM 000015
i2c_writeNBytes@len                                       cstackCOMRAM 000017
int$flags                                                 temp         00005C
intlevel0                                                 text         000000
intlevel1                                                 text         000000
intlevel2                                                 text         000000
intlevel3                                                 text         000000
isa$std                                                   (abs)        000001
isa$xinst                                                 (abs)        000000
labs@a                                                    cstackCOMRAM 000004
main@resolution                                           cstackBANK1  00017A
memcpy@d                                                  cstackCOMRAM 00000B
memcpy@d1                                                 cstackCOMRAM 000004
memcpy@n                                                  cstackCOMRAM 000008
memcpy@s                                                  cstackCOMRAM 00000D
memcpy@s1                                                 cstackCOMRAM 000006
memcpy@tmp                                                cstackCOMRAM 00000A
pad@buf                                                   cstackCOMRAM 000018
pad@fp                                                    cstackCOMRAM 000016
pad@i                                                     cstackCOMRAM 00001D
pad@p                                                     cstackCOMRAM 00001A
pad@w                                                     cstackCOMRAM 00001F
powerSaveEnable@i2cParams                                 cstackCOMRAM 00001F
powerSaveEnable@writeBuffer                               cstackCOMRAM 000022
printf@ap                                                 cstackBANK0  0000C9
printf@fmt                                                cstackBANK0  0000C3
putch@txData                                              cstackCOMRAM 000005
rd1RegCompleteHandler@i2c1_master_example$F145@ptr        cstackCOMRAM 00000F
rd1RegCompleteHandler@p                                   cstackCOMRAM 00000F
rd2RegCompleteHandler@i2c1_master_example$F156@ptr        cstackCOMRAM 00000F
rd2RegCompleteHandler@p                                   cstackCOMRAM 00000F
rdBlkRegCompleteHandler@i2c1_master_example$F179@ptr      cstackCOMRAM 00000F
rdBlkRegCompleteHandler@p                                 cstackCOMRAM 00000F
readAndSendTemp@MCPparams                                 cstackBANK0  0000CB
stackhi                                                   (abs)        000000
stacklo                                                   (abs)        000000
start                                                     init         000064
start_initialization                                      cinit        0049A0
strcpy@d                                                  cstackCOMRAM 00000A
strcpy@dest                                               cstackCOMRAM 000004
strcpy@s                                                  cstackCOMRAM 000008
strcpy@src                                                cstackCOMRAM 000006
ttemp5                                                    temp         00005D
ttemp6                                                    temp         000060
ttemp7                                                    temp         000064
vfpfcnvrt@ap                                              cstackBANK0  0000B2
vfpfcnvrt@c                                               cstackBANK0  0000B8
vfpfcnvrt@convarg                                         cstackBANK0  0000B4
vfpfcnvrt@cp                                              cstackBANK0  0000B9
vfpfcnvrt@fmt                                             cstackBANK0  0000B0
vfpfcnvrt@fp                                              cstackBANK0  0000AE
vfprintf@ap                                               cstackBANK0  0000BF
vfprintf@cfmt                                             cstackBANK0  0000C1
vfprintf@fmt                                              cstackBANK0  0000BD
vfprintf@fp                                               cstackBANK0  0000BB
wr1RegCompleteHandler@i2c1_master_example$F162@ptr        cstackCOMRAM 00000F
wr1RegCompleteHandler@p                                   cstackCOMRAM 00000F
wr2RegCompleteHandler@i2c1_master_example$F168@ptr        cstackCOMRAM 00000F
wr2RegCompleteHandler@p                                   cstackCOMRAM 00000F
wtemp8                                                    temp         00005D


MODULE INFORMATION

Module		Function		Class		Link	Load	Size
C:\Program Files\Microchip\xc8\v2.41\pic\sources\c99\common\__fpclassifyf.c
		___fpclassifyf 		CODE           	35C8	0000	254

C:\Program Files\Microchip\xc8\v2.41\pic\sources\c99\common\__fpclassifyf.c estimated size: 254

C:\Program Files\Microchip\xc8\v2.41\pic\sources\c99\common\awmod.c
		___awmod       		CODE           	3AE0	0000	176

C:\Program Files\Microchip\xc8\v2.41\pic\sources\c99\common\awmod.c estimated size: 176

C:\Program Files\Microchip\xc8\v2.41\pic\sources\c99\common\floorf.c
		_floorf        		CODE           	2D10	0000	534

C:\Program Files\Microchip\xc8\v2.41\pic\sources\c99\common\floorf.c estimated size: 534

C:\Program Files\Microchip\xc8\v2.41\pic\sources\c99\common\flge.c
		___flge        		CODE           	34C4	0000	260

C:\Program Files\Microchip\xc8\v2.41\pic\sources\c99\common\flge.c estimated size: 260

mcc_generated_files/examples/i2c1_master_example.c
		_rdBlkRegCompleteHandler@i2c1_master_example$F179		CODE           	4542	0000	68
		_rd1RegCompleteHandler@i2c1_master_example$F145		CODE           	482A	0000	48
		_rd2RegCompleteHandler@i2c1_master_example$F156		CODE           	47FA	0000	48
		_wr1RegCompleteHandler@i2c1_master_example$F162		CODE           	47CA	0000	48
		_wr2RegCompleteHandler@i2c1_master_example$F168		CODE           	491A	0000	48

mcc_generated_files/examples/i2c1_master_example.c estimated size: 260

mcc_generated_files/eusart2.c
		_putch         		CODE           	4CD4	0000	10
		_EUSART2_SetOverrunErrorHandler		CODE           	4C86	0000	14
		_EUSART2_SetErrorHandler		CODE           	4CA2	0000	14
		_EUSART2_Write 		CODE           	4BB2	0000	24
		_EUSART2_Initialize		CODE           	439E	0000	76
		_EUSART2_SetFramingErrorHandler		CODE           	4C94	0000	14

mcc_generated_files/eusart2.c estimated size: 152

mcc_generated_files/fvr.c
		_FVR_Initialize		CODE           	4CEE	0000	8

mcc_generated_files/fvr.c estimated size: 8

C:\Program Files\Microchip\xc8\v2.41\pic\sources\c99\common\fltol.c
		___fltol       		CODE           	33BC	0000	264

C:\Program Files\Microchip\xc8\v2.41\pic\sources\c99\common\fltol.c estimated size: 264

mcc_generated_files/i2c1_master.c
		_I2C1_DO_SEND_RESTART		CODE           	4D1E	0000	8
		_I2C1_DO_TX_EMPTY		CODE           	3F36	0000	126
		_I2C1_DO_SEND_RESTART_READ		CODE           	4D2E	0000	8
		_I2C1_CallbackReturnStop		CODE           	4D70	0000	4
		_I2C1_MasterRead		CODE           	4CDE	0000	8
		_I2C1_DO_RX    		CODE           	3CE2	0000	168
		_I2C1_DO_TX    		CODE           	3954	0000	200
		_I2C1_SetAddressNackCallback		CODE           	4B62	0000	28
		_I2C1_DO_IDLE  		CODE           	4CC8	0000	12
		_I2C1_MasterOpen		CODE           	4AAC	0000	34
		_I2C1_DO_RCEN  		CODE           	4CBC	0000	12
		_I2C1_MasterSendTxData		CODE           	4D36	0000	8
		_I2C1_MasterStop		CODE           	4D74	0000	4
		_I2C1_CallbackReturnReset		CODE           	4D6C	0000	4
		_I2C1_DO_RESET 		CODE           	4CB0	0000	12
		_I2C1_MasterStartRx		CODE           	4D68	0000	4
		_I2C1_Poller   		CODE           	4AF0	0000	30
		_I2C1_DO_RX_ACK		CODE           	4D0E	0000	8
		_I2C1_MasterWaitForEvent		CODE           	4C38	0000	18
		_I2C1_MasterSendNack		CODE           	4D4A	0000	6
		_I2C1_DO_RX_NACK_RESTART		CODE           	4CFE	0000	8
		_I2C1_MasterDisableIrq		CODE           	4D50	0000	6
		_I2C1_MasterOperation		CODE           	44FE	0000	68
		_I2C1_SetCallback		CODE           	3EB6	0000	128
		_I2C1_MasterEnableRestart		CODE           	4D78	0000	4
		_I2C1_Open     		CODE           	3D8A	0000	162
		_I2C1_DO_ADDRESS_NACK		CODE           	4114	0000	108
		_I2C1_SetBuffer		CODE           	4A88	0000	36
		_I2C1_DO_SEND_RESTART_WRITE		CODE           	4D26	0000	8
		_I2C1_MasterClose		CODE           	4D80	0000	4
		_I2C1_MasterWrite		CODE           	4CF6	0000	8
		_I2C1_Initialize		CODE           	4C10	0000	20
		_I2C1_Close    		CODE           	494A	0000	44
		_I2C1_MasterIsNack		CODE           	4C24	0000	20
		_I2C1_MasterStart		CODE           	4D7C	0000	4
		_I2C1_DO_SEND_ADR_WRITE		CODE           	4C4A	0000	16
		_I2C1_MasterClearIrq		CODE           	4D56	0000	6
		_I2C1_SetDataCompleteCallback		CODE           	4B7E	0000	28
		_I2C1_DO_SEND_STOP		CODE           	4D16	0000	8
		_I2C1_MasterSendAck		CODE           	4D44	0000	6
		_I2C1_MasterFsm		CODE           	40A8	0000	108
		_I2C1_MasterGetRxData		CODE           	4D64	0000	4
		_I2C1_MasterSetIrq		CODE           	4D3E	0000	6
		_I2C1_DO_SEND_ADR_READ		CODE           	4C5A	0000	16
		_I2C1_DO_RX_NACK_STOP		CODE           	4D06	0000	8

mcc_generated_files/i2c1_master.c estimated size: 1536

C:\Program Files\Microchip\xc8\v2.41\pic\sources\c99\common\xxtofl.c
		___xxtofl      		CODE           	2F26	0000	436

C:\Program Files\Microchip\xc8\v2.41\pic\sources\c99\common\xxtofl.c estimated size: 436

mcc_generated_files/interrupt_manager.c
		_INTERRUPT_Initialize		CODE           	4D60	0000	4
		_INTERRUPT_InterruptManager		CODE           	0008	0000	92

mcc_generated_files/interrupt_manager.c estimated size: 96

C:\Program Files\Microchip\xc8\v2.41\pic\sources\c99\common\nf_fputc.c
		_fputc         		CODE           	388A	0000	202

C:\Program Files\Microchip\xc8\v2.41\pic\sources\c99\common\nf_fputc.c estimated size: 202

mcc_generated_files/tmr0.c
		_TMR0_SetInterruptHandler		CODE           	4C6A	0000	14
		_TMR0_DefaultInterruptHandler		CODE           	4ACE	0000	34
		_TMR0_StartTimer		CODE           	4D5C	0000	4
		_TMR0_ISR      		CODE           	472E	0000	54
		_TMR0_Initialize		CODE           	49F0	0000	40

mcc_generated_files/tmr0.c estimated size: 146

C:\Program Files\Microchip\xc8\v2.41\pic\sources\c99\common\strcpy.c
		_strcpy        		CODE           	4476	0000	68

C:\Program Files\Microchip\xc8\v2.41\pic\sources\c99\common\strcpy.c estimated size: 68

mcc_generated_files/pin_manager.c
		_PIN_MANAGER_Initialize		CODE           	3C3A	0000	168
		_IOCBF5_SetInterruptHandler		CODE           	4C78	0000	14
		_PIN_MANAGER_IOC		CODE           	4BFA	0000	22
		_IOCBF5_DefaultInterruptHandler		CODE           	4A18	0000	40
		_IOCBF5_ISR    		CODE           	4764	0000	54

mcc_generated_files/pin_manager.c estimated size: 298

C:\Program Files\Microchip\xc8\v2.41\pic\sources\c99\common\sprcadd.c
		___flsub       		CODE           	4430	0000	70
		___fladd       		CODE           	1AFC	0000	1216

C:\Program Files\Microchip\xc8\v2.41\pic\sources\c99\common\sprcadd.c estimated size: 1286

power_config.c
		_RNBD451powerSaveDisable		CODE           	4B2A	0000	28
		_MCP9808powerSaveDisable		CODE           	4A64	0000	36
		_RNBD451powerSaveEnable		CODE           	4B0E	0000	28
		_MCP9808powerSaveEnable		CODE           	4A40	0000	36
		_powerSaveEnable		CODE           	46BE	0000	56

power_config.c estimated size: 184

C:\Program Files\Microchip\xc8\v2.41\pic\sources\c99\common\awdiv.c
		___awdiv       		CODE           	3A1C	0000	196

C:\Program Files\Microchip\xc8\v2.41\pic\sources\c99\common\awdiv.c estimated size: 196

C:\Program Files\Microchip\xc8\v2.41\pic\sources\c99\common\abs.c
		_abs           		CODE           	45CA	0000	64

C:\Program Files\Microchip\xc8\v2.41\pic\sources\c99\common\abs.c estimated size: 64

C:\Program Files\Microchip\xc8\v2.41\pic\sources\c99\common\doprnt.c
		_vfpfcnvrt     		CODE           	2782	0000	732
		_efgtoa        		CODE           	10DC	0000	2592
		_pad           		CODE           	402E	0000	122
		_dtoa          		CODE           	30DA	0000	404
		_vfprintf      		CODE           	42A8	0000	86

C:\Program Files\Microchip\xc8\v2.41\pic\sources\c99\common\doprnt.c estimated size: 3936

mcc_generated_files/drivers/i2c_simple_master.c
		_i2c_readNBytes		CODE           	43EA	0000	70
		_wr1RegCompleteHandler		CODE           	48EA	0000	48
		_wr2RegCompleteHandler		CODE           	485A	0000	48
		_i2c_writeNBytes		CODE           	424A	0000	94
		_rdBlkRegCompleteHandler		CODE           	4586	0000	68
		_rd1RegCompleteHandler		CODE           	48BA	0000	48
		_rd2RegCompleteHandler		CODE           	488A	0000	48

mcc_generated_files/drivers/i2c_simple_master.c estimated size: 424

C:\Program Files\Microchip\xc8\v2.41\pic\sources\c99\common\flneg.c
		___flneg       		CODE           	46F6	0000	56

C:\Program Files\Microchip\xc8\v2.41\pic\sources\c99\common\flneg.c estimated size: 56

C:\Program Files\Microchip\xc8\v2.41\pic\sources\c99\common\fleq.c
		___fleq        		CODE           	3B90	0000	170

C:\Program Files\Microchip\xc8\v2.41\pic\sources\c99\common\fleq.c estimated size: 170

mcc_generated_files/MCP9808Drivers/MCP9808.c
		_MCP9808_SetResolutionRegister		CODE           	4682	0000	60
		_MCP9808_EnableContinuousConversionMode		CODE           	3FB4	0000	122
		_MCP9808_GetTemperatureValue		CODE           	326E	0000	334
		_MCP9808_Read  		CODE           	4B9A	0000	24
		_MCP9808_Write 		CODE           	4BE2	0000	24
		_MCP9808_SetResolutionValue		CODE           	36C6	0000	246
		_MCP9808_MODULE_Initialize		CODE           	4646	0000	60
		_MCP9808_GetTemperatureRegister		CODE           	3E2C	0000	138
		_MCP9808_SetConfigurationRegister		CODE           	4976	0000	42

mcc_generated_files/MCP9808Drivers/MCP9808.c estimated size: 1050

shared
		__initialization		CODE           	49A0	0000	30
		_i2c1_fsmStateTable		SMALLCONST     	1001	0000	48

shared estimated size: 78

mcc_generated_files/mcc.c
		_PMD_Initialize		CODE           	4B46	0000	28
		_OSCILLATOR_Initialize		CODE           	4BCA	0000	24
		_SYSTEM_Initialize		CODE           	460A	0000	60

mcc_generated_files/mcc.c estimated size: 112

C:\Program Files\Microchip\xc8\v2.41\pic\sources\c99\common\memcpy.c
		_memcpy        		CODE           	42FE	0000	80

C:\Program Files\Microchip\xc8\v2.41\pic\sources\c99\common\memcpy.c estimated size: 80

C:\Program Files\Microchip\xc8\v2.41\pic\sources\c99\common\nf_fputs.c
		_fputs         		CODE           	44BA	0000	68

C:\Program Files\Microchip\xc8\v2.41\pic\sources\c99\common\nf_fputs.c estimated size: 68

mcc_generated_files/adcc.c
		_ADCC_GetSingleConversion		CODE           	479A	0000	48
		_ADCC_Initialize		CODE           	434E	0000	80
		_ADCC_DischargeSampleCapacitor		CODE           	4CE6	0000	8

mcc_generated_files/adcc.c estimated size: 136

C:\Program Files\Microchip\xc8\v2.41\pic\sources\c99\common\labs.c
		_labs          		CODE           	4180	0000	102

C:\Program Files\Microchip\xc8\v2.41\pic\sources\c99\common\labs.c estimated size: 102

main.c
		_main          		CODE           	41E6	0000	100
		_readAndSendTemp		CODE           	2A5E	0000	690
		_configRNBD451 		CODE           	37BC	0000	206

main.c estimated size: 996

C:\Program Files\Microchip\xc8\v2.41\pic\sources\c99\common\sprcmul.c
		___flmul       		CODE           	1FBC	0000	1066

C:\Program Files\Microchip\xc8\v2.41\pic\sources\c99\common\sprcmul.c estimated size: 1066

C:\Program Files\Microchip\xc8\v2.41\pic\sources\c99\common\printf.c
		_printf        		CODE           	49C8	0000	40

C:\Program Files\Microchip\xc8\v2.41\pic\sources\c99\common\printf.c estimated size: 40

C:\Program Files\Microchip\xc8\v2.41\pic\sources\c99\common\sprcdiv.c
		___fldiv       		CODE           	23E6	0000	924

C:\Program Files\Microchip\xc8\v2.41\pic\sources\c99\common\sprcdiv.c estimated size: 924

